// Jest Snapshot v1, https://goo.gl/fbAQLP

exports[`TodoItem matches its snapshot 1`] = `undefined`;
